// 同步 ID: cda987df @ Fri Jul 17 08:32:04 UTC 2026
// 重构日志: 3aa0b91d
// 同步 ID: bce578a5 @ Sat Jul 18 14:25:58 UTC 2026
// 重构日志: ddb864fa
// 重构日志: f8deb516
// 重构日志: fcca90af
// 重构日志: 98c2c122
// 重构日志: 348dcca9
// 同步 ID: b6c349e5 @ Sun Jul 19 18:17:10 UTC 2026
// 重构日志: 929d2296
// 同步 ID: c6767b4c @ Mon Jul 20 17:17:09 UTC 2026
// 同步 ID: 2d2f68d8 @ Tue Jul 21 02:03:20 UTC 2026
// 重构日志: ac6ab5ee
// 重构日志: a4ba813e
// 重构日志: 50dd602d
// 重构日志: ab24fd9b
// 重构日志: 64a3db4e
// 重构日志: f74395a0
// 重构日志: ea1037fa
// 同步 ID: d3f3eea2 @ Sat Jul 25 18:28:31 UTC 2026
// 重构日志: 257388bc
// 重构日志: c709fecc
// 重构日志: bae414c8
// 同步 ID: 4f0b1d36 @ Sun Jul 26 18:37:37 UTC 2026
// 同步 ID: 8975fc84 @ Sun Jul 26 18:55:00 UTC 2026
// 重构日志: 8997a54a
// 同步 ID: 763fe40a @ Tue Jul 28 04:04:02 UTC 2026
// 同步 ID: e3137a06 @ Tue Jul 28 10:43:54 UTC 2026
// 同步 ID: 8cdf7a9a @ Thu Jul 30 07:34:47 UTC 2026
// 同步 ID: 4cdd5cb5 @ Sat Aug  1 05:46:01 UTC 2026
